[1/18] sampler=random potential=pvl_gae                  seed=1
/Users/ethancai/Projects/Ongoing/ACL27/acl_bench/ppo.py:135: UserWarning: Converting a tensor with requires_grad=True to a scalar may lead to unexpected behavior.
Consider using tensor.detach() first. (Triggered internally at /Users/runner/work/pytorch/pytorch/torch/csrc/autograd/generated/python_variable_methods.cpp:821.)
  next_value = 0.0 if terminated else float(
    -> eval_return=237.8  train_last20=237.8  (13.0s)
[1/18] sampler=random potential=pvl_gae                  seed=2
    -> eval_return=267.4  train_last20=257.2  (12.6s)
[1/18] sampler=random potential=pvl_gae                  seed=3
    -> eval_return=356.9  train_last20=360.6  (12.6s)
[1/18] sampler=random potential=pvl_gae                  seed=4
    -> eval_return=163.4  train_last20=148.8  (12.6s)
[1/18] sampler=random potential=pvl_gae                  seed=5
    -> eval_return=361.3  train_last20=376.7  (12.6s)
[2/18] sampler=random potential=l1_value_loss            seed=1
    -> eval_return=179.4  train_last20=150.2  (12.6s)
[2/18] sampler=random potential=l1_value_loss            seed=2
    -> eval_return=165.0  train_last20=151.2  (12.6s)
[2/18] sampler=random potential=l1_value_loss            seed=3
    -> eval_return=324.3  train_last20=290.1  (12.6s)
[2/18] sampler=random potential=l1_value_loss            seed=4
